# AST Program
 ClassDecl Test 
  MethodDecl void main ()
   If c
    {
     Print "foo"
     Return false
    }
   Else
    {
     Print "bar"
     Return false
!    Print "foo"
    }
!  Print "bar"
!  Print "foo"
!  If c
!   {
!    Print "foo"
!    Return false
!   }
!  Else
!   {
!    Print "bar"
!    Return false
!    Print "foo"
!   }
